#! /usr/bin/vvp
:ivl_version "11.0 (stable)";
:ivl_delay_selection "TYPICAL";
:vpi_time_precision - 12;
:vpi_module "/usr/lib/x86_64-linux-gnu/ivl/system.vpi";
:vpi_module "/usr/lib/x86_64-linux-gnu/ivl/vhdl_sys.vpi";
:vpi_module "/usr/lib/x86_64-linux-gnu/ivl/vhdl_textio.vpi";
:vpi_module "/usr/lib/x86_64-linux-gnu/ivl/v2005_math.vpi";
:vpi_module "/usr/lib/x86_64-linux-gnu/ivl/va_math.vpi";
S_0x57ff159f0e20 .scope module, "tb_actividad_3" "tb_actividad_3" 2 3;
 .timescale -9 -12;
v0x57ff15a1d940_0 .var "clk", 0 0;
v0x57ff15a4c250_0 .net "count", 3 0, v0x57ff159f2ba0_0;  1 drivers
v0x57ff15a4c2f0_0 .var "en", 0 0;
v0x57ff15a4c390_0 .var "gold_count", 3 0;
v0x57ff15a4c430_0 .var "gold_tc", 0 0;
v0x57ff15a4c520_0 .var/i "i", 31 0;
v0x57ff15a4c600_0 .var/i "rollover_count", 31 0;
v0x57ff15a4c6e0_0 .var "rst", 0 0;
v0x57ff15a4c780_0 .net "tc", 0 0, v0x57ff15a1c8a0_0;  1 drivers
S_0x57ff159f0fb0 .scope module, "dut" "actividad_3" 2 23, 3 4 0, S_0x57ff159f0e20;
 .timescale -9 -12;
    .port_info 0 /INPUT 1 "clk";
    .port_info 1 /INPUT 1 "rst";
    .port_info 2 /INPUT 1 "en";
    .port_info 3 /OUTPUT 4 "count";
    .port_info 4 /OUTPUT 1 "tc";
v0x57ff159f27b0_0 .net "clk", 0 0, v0x57ff15a1d940_0;  1 drivers
v0x57ff159f2ba0_0 .var "count", 3 0;
v0x57ff15a1b1a0_0 .net "en", 0 0, v0x57ff15a4c2f0_0;  1 drivers
v0x57ff15a1bb40_0 .net "rst", 0 0, v0x57ff15a4c6e0_0;  1 drivers
v0x57ff15a1c8a0_0 .var "tc", 0 0;
E_0x57ff15a33ad0 .event posedge, v0x57ff159f27b0_0;
    .scope S_0x57ff159f0fb0;
T_0 ;
    %wait E_0x57ff15a33ad0;
    %pushi/vec4 0, 0, 1;
    %assign/vec4 v0x57ff15a1c8a0_0, 0;
    %load/vec4 v0x57ff15a1bb40_0;
    %flag_set/vec4 8;
    %jmp/0xz  T_0.0, 8;
    %pushi/vec4 0, 0, 4;
    %assign/vec4 v0x57ff159f2ba0_0, 0;
    %jmp T_0.1;
T_0.0 ;
    %load/vec4 v0x57ff15a1b1a0_0;
    %flag_set/vec4 8;
    %jmp/0xz  T_0.2, 8;
    %load/vec4 v0x57ff159f2ba0_0;
    %cmpi/u 9, 0, 4;
    %jmp/0xz  T_0.4, 5;
    %load/vec4 v0x57ff159f2ba0_0;
    %addi 1, 0, 4;
    %assign/vec4 v0x57ff159f2ba0_0, 0;
    %jmp T_0.5;
T_0.4 ;
    %pushi/vec4 0, 0, 4;
    %assign/vec4 v0x57ff159f2ba0_0, 0;
    %pushi/vec4 1, 0, 1;
    %assign/vec4 v0x57ff15a1c8a0_0, 0;
T_0.5 ;
T_0.2 ;
T_0.1 ;
    %jmp T_0;
    .thread T_0;
    .scope S_0x57ff159f0e20;
T_1 ;
    %delay 5000, 0;
    %load/vec4 v0x57ff15a1d940_0;
    %inv;
    %store/vec4 v0x57ff15a1d940_0, 0, 1;
    %jmp T_1;
    .thread T_1;
    .scope S_0x57ff159f0e20;
T_2 ;
    %vpi_call 2 36 "$dumpfile", "tb_actividad_3.vcd" {0 0 0};
    %vpi_call 2 37 "$dumpvars", 32'sb00000000000000000000000000000000, S_0x57ff159f0e20 {0 0 0};
    %end;
    .thread T_2;
    .scope S_0x57ff159f0e20;
T_3 ;
    %wait E_0x57ff15a33ad0;
    %load/vec4 v0x57ff15a4c6e0_0;
    %flag_set/vec4 8;
    %jmp/0xz  T_3.0, 8;
    %pushi/vec4 0, 0, 4;
    %assign/vec4 v0x57ff15a4c390_0, 0;
    %pushi/vec4 0, 0, 1;
    %assign/vec4 v0x57ff15a4c430_0, 0;
    %jmp T_3.1;
T_3.0 ;
    %load/vec4 v0x57ff15a4c2f0_0;
    %flag_set/vec4 8;
    %jmp/0xz  T_3.2, 8;
    %load/vec4 v0x57ff15a4c390_0;
    %cmpi/e 9, 0, 4;
    %jmp/0xz  T_3.4, 4;
    %pushi/vec4 0, 0, 4;
    %assign/vec4 v0x57ff15a4c390_0, 0;
    %pushi/vec4 1, 0, 1;
    %assign/vec4 v0x57ff15a4c430_0, 0;
    %jmp T_3.5;
T_3.4 ;
    %load/vec4 v0x57ff15a4c390_0;
    %addi 1, 0, 4;
    %assign/vec4 v0x57ff15a4c390_0, 0;
    %pushi/vec4 0, 0, 1;
    %assign/vec4 v0x57ff15a4c430_0, 0;
T_3.5 ;
    %jmp T_3.3;
T_3.2 ;
    %pushi/vec4 0, 0, 1;
    %assign/vec4 v0x57ff15a4c430_0, 0;
T_3.3 ;
T_3.1 ;
    %jmp T_3;
    .thread T_3;
    .scope S_0x57ff159f0e20;
T_4 ;
    %wait E_0x57ff15a33ad0;
    %delay 1000, 0;
    %load/vec4 v0x57ff15a4c250_0;
    %load/vec4 v0x57ff15a4c390_0;
    %cmp/ne;
    %jmp/0xz  T_4.0, 6;
    %vpi_call 2 84 "$display", "ERROR: count=%d esperado=%d", v0x57ff15a4c250_0, v0x57ff15a4c390_0 {0 0 0};
    %vpi_call 2 85 "$finish" {0 0 0};
T_4.0 ;
    %load/vec4 v0x57ff15a4c780_0;
    %load/vec4 v0x57ff15a4c430_0;
    %cmp/ne;
    %jmp/0xz  T_4.2, 6;
    %vpi_call 2 89 "$display", "ERROR: tc=%d esperado=%d", v0x57ff15a4c780_0, v0x57ff15a4c430_0 {0 0 0};
    %vpi_call 2 90 "$finish" {0 0 0};
T_4.2 ;
    %jmp T_4;
    .thread T_4;
    .scope S_0x57ff159f0e20;
T_5 ;
    %pushi/vec4 0, 0, 1;
    %store/vec4 v0x57ff15a1d940_0, 0, 1;
    %pushi/vec4 1, 0, 1;
    %store/vec4 v0x57ff15a4c6e0_0, 0, 1;
    %pushi/vec4 0, 0, 1;
    %store/vec4 v0x57ff15a4c2f0_0, 0, 1;
    %pushi/vec4 0, 0, 4;
    %store/vec4 v0x57ff15a4c390_0, 0, 4;
    %pushi/vec4 0, 0, 1;
    %store/vec4 v0x57ff15a4c430_0, 0, 1;
    %pushi/vec4 0, 0, 32;
    %store/vec4 v0x57ff15a4c600_0, 0, 32;
    %wait E_0x57ff15a33ad0;
    %delay 1000, 0;
    %pushi/vec4 0, 0, 1;
    %store/vec4 v0x57ff15a4c6e0_0, 0, 1;
    %pushi/vec4 1, 0, 1;
    %store/vec4 v0x57ff15a4c2f0_0, 0, 1;
    %vpi_call 2 120 "$display", "Prueba de RESET sincrono" {0 0 0};
    %pushi/vec4 5, 0, 32;
T_5.0 %dup/vec4;
    %pushi/vec4 0, 0, 32;
    %cmp/s;
    %jmp/1xz T_5.1, 5;
    %jmp/1 T_5.1, 4;
    %pushi/vec4 1, 0, 32;
    %sub;
    %wait E_0x57ff15a33ad0;
    %delay 1000, 0;
    %jmp T_5.0;
T_5.1 ;
    %pop/vec4 1;
    %vpi_call 2 129 "$display", "Valor antes del reset: count=%d", v0x57ff15a4c250_0 {0 0 0};
    %pushi/vec4 1, 0, 1;
    %store/vec4 v0x57ff15a4c6e0_0, 0, 1;
    %wait E_0x57ff15a33ad0;
    %delay 1000, 0;
    %vpi_call 2 140 "$display", "Valor despues del reset: count=%d", v0x57ff15a4c250_0 {0 0 0};
    %pushi/vec4 0, 0, 1;
    %store/vec4 v0x57ff15a4c6e0_0, 0, 1;
    %vpi_call 2 151 "$display", "Prueba de 100 ciclos" {0 0 0};
    %pushi/vec4 0, 0, 32;
    %store/vec4 v0x57ff15a4c600_0, 0, 32;
    %pushi/vec4 0, 0, 32;
    %store/vec4 v0x57ff15a4c520_0, 0, 32;
T_5.2 ;
    %load/vec4 v0x57ff15a4c520_0;
    %cmpi/s 100, 0, 32;
    %jmp/0xz T_5.3, 5;
    %wait E_0x57ff15a33ad0;
    %delay 1000, 0;
    %load/vec4 v0x57ff15a4c780_0;
    %flag_set/vec4 8;
    %jmp/0xz  T_5.4, 8;
    %load/vec4 v0x57ff15a4c600_0;
    %addi 1, 0, 32;
    %store/vec4 v0x57ff15a4c600_0, 0, 32;
T_5.4 ;
    %load/vec4 v0x57ff15a4c520_0;
    %addi 1, 0, 32;
    %store/vec4 v0x57ff15a4c520_0, 0, 32;
    %jmp T_5.2;
T_5.3 ;
    %vpi_call 2 170 "$display", "Rollovers detectados: %d", v0x57ff15a4c600_0 {0 0 0};
    %vpi_call 2 173 "$finish" {0 0 0};
    %end;
    .thread T_5;
# The file index is used to find the file name in the following table.
:file_names 4;
    "N/A";
    "<interactive>";
    "tb_actividad_3.v";
    "actividad_3.v";
