
 /----------------------------------------------------------------------------\
 |                                                                            |
 |  yosys -- Yosys Open SYnthesis Suite                                       |
 |                                                                            |
 |  Copyright (C) 2012 - 2019  Clifford Wolf <clifford@clifford.at>           |
 |                                                                            |
 |  Permission to use, copy, modify, and/or distribute this software for any  |
 |  purpose with or without fee is hereby granted, provided that the above    |
 |  copyright notice and this permission notice appear in all copies.         |
 |                                                                            |
 |  THE SOFTWARE IS PROVIDED "AS IS" AND THE AUTHOR DISCLAIMS ALL WARRANTIES  |
 |  WITH REGARD TO THIS SOFTWARE INCLUDING ALL IMPLIED WARRANTIES OF          |
 |  MERCHANTABILITY AND FITNESS. IN NO EVENT SHALL THE AUTHOR BE LIABLE FOR   |
 |  ANY SPECIAL, DIRECT, INDIRECT, OR CONSEQUENTIAL DAMAGES OR ANY DAMAGES    |
 |  WHATSOEVER RESULTING FROM LOSS OF USE, DATA OR PROFITS, WHETHER IN AN     |
 |  ACTION OF CONTRACT, NEGLIGENCE OR OTHER TORTIOUS ACTION, ARISING OUT OF   |
 |  OR IN CONNECTION WITH THE USE OR PERFORMANCE OF THIS SOFTWARE.            |
 |                                                                            |
 \----------------------------------------------------------------------------/

 Yosys 0.9 (git sha1 1979e0b)


-- Running command `
        read_verilog mult23.v
        synth -top mult23_bin -flatten
        abc -g AND,OR,XOR,NAND,NOR,XNOR,ANDNOT,ORNOT
        opt_clean -purge
        stat
        write_json build/mult23_bin.json
    ' --

1. Executing Verilog-2005 frontend: mult23.v
Parsing Verilog input from `mult23.v' to AST representation.
Generating RTLIL representation for module `\mult23_csd'.
Generating RTLIL representation for module `\mult23_bin'.
Successfully finished Verilog frontend.

2. Executing SYNTH pass.

2.1. Executing HIERARCHY pass (managing design hierarchy).

2.1.1. Analyzing design hierarchy..
Top module:  \mult23_bin

2.1.2. Analyzing design hierarchy..
Top module:  \mult23_bin
Removing unused module `\mult23_csd'.
Removed 1 unused modules.

2.2. Executing PROC pass (convert processes to netlists).

2.2.1. Executing PROC_CLEAN pass (remove empty switches from decision trees).
Cleaned up 0 empty switches.

2.2.2. Executing PROC_RMDEAD pass (remove dead branches from decision trees).
Removed a total of 0 dead cases.

2.2.3. Executing PROC_INIT pass (extract init attributes).

2.2.4. Executing PROC_ARST pass (detect async resets in processes).

2.2.5. Executing PROC_MUX pass (convert decision trees to multiplexers).

2.2.6. Executing PROC_DLATCH pass (convert process syncs to latches).

2.2.7. Executing PROC_DFF pass (convert process syncs to FFs).

2.2.8. Executing PROC_CLEAN pass (remove empty switches from decision trees).
Cleaned up 0 empty switches.

2.3. Executing FLATTEN pass (flatten design).
No more expansions possible.

2.4. Executing OPT_EXPR pass (perform const folding).
Optimizing module mult23_bin.
<suppressed ~3 debug messages>

2.5. Executing OPT_CLEAN pass (remove unused cells and wires).
Finding unused cells or wires in module \mult23_bin..
Removed 0 unused cells and 4 unused wires.
<suppressed ~1 debug messages>

2.6. Executing CHECK pass (checking for obvious problems).
checking module mult23_bin..
found and reported 0 problems.

2.7. Executing OPT pass (performing simple optimizations).

2.7.1. Executing OPT_EXPR pass (perform const folding).
Optimizing module mult23_bin.

2.7.2. Executing OPT_MERGE pass (detect identical cells).
Finding identical cells in module `\mult23_bin'.
Removed a total of 0 cells.

2.7.3. Executing OPT_MUXTREE pass (detect dead branches in mux trees).
Running muxtree optimizer on module \mult23_bin..
  Creating internal representation of mux trees.
  No muxes found in this module.
Removed 0 multiplexer ports.

2.7.4. Executing OPT_REDUCE pass (consolidate $*mux and $reduce_* inputs).
  Optimizing cells in module \mult23_bin.
Performed a total of 0 changes.

2.7.5. Executing OPT_MERGE pass (detect identical cells).
Finding identical cells in module `\mult23_bin'.
Removed a total of 0 cells.

2.7.6. Executing OPT_RMDFF pass (remove dff with constant values).

2.7.7. Executing OPT_CLEAN pass (remove unused cells and wires).
Finding unused cells or wires in module \mult23_bin..

2.7.8. Executing OPT_EXPR pass (perform const folding).
Optimizing module mult23_bin.

2.7.9. Finished OPT passes. (There is nothing left to do.)

2.8. Executing WREDUCE pass (reducing word size of cells).
Removed top 4 bits (of 13) from port B of cell mult23_bin.$add$mult23.v:35$9 ($add).
Removed top 1 bits (of 13) from port A of cell mult23_bin.$add$mult23.v:35$7 ($add).
Removed top 3 bits (of 13) from port B of cell mult23_bin.$add$mult23.v:35$7 ($add).
Removed top 5 bits (of 13) from port B of cell mult23_bin.$add$mult23.v:35$10 ($add).

2.9. Executing PEEPOPT pass (run peephole optimizers).

2.10. Executing OPT_CLEAN pass (remove unused cells and wires).
Finding unused cells or wires in module \mult23_bin..

2.11. Executing TECHMAP pass (map to technology primitives).

2.11.1. Executing Verilog-2005 frontend: /usr/bin/../share/yosys/cmp2lut.v
Parsing Verilog input from `/usr/bin/../share/yosys/cmp2lut.v' to AST representation.
Generating RTLIL representation for module `\_90_lut_cmp_'.
Successfully finished Verilog frontend.

2.11.2. Continuing TECHMAP pass.
No more expansions possible.

2.12. Executing ALUMACC pass (create $alu and $macc cells).
Extracting $alu and $macc cells in module mult23_bin:
  creating $macc model for $add$mult23.v:35$10 ($add).
  creating $macc model for $add$mult23.v:35$7 ($add).
  creating $macc model for $add$mult23.v:35$9 ($add).
  merging $macc model for $add$mult23.v:35$7 into $add$mult23.v:35$9.
  merging $macc model for $add$mult23.v:35$9 into $add$mult23.v:35$10.
  creating $macc cell for $add$mult23.v:35$10: $auto$alumacc.cc:354:replace_macc$11
  created 0 $alu and 1 $macc cells.

2.13. Executing SHARE pass (SAT-based resource sharing).

2.14. Executing OPT pass (performing simple optimizations).

2.14.1. Executing OPT_EXPR pass (perform const folding).
Optimizing module mult23_bin.

2.14.2. Executing OPT_MERGE pass (detect identical cells).
Finding identical cells in module `\mult23_bin'.
Removed a total of 0 cells.

2.14.3. Executing OPT_MUXTREE pass (detect dead branches in mux trees).
Running muxtree optimizer on module \mult23_bin..
  Creating internal representation of mux trees.
  No muxes found in this module.
Removed 0 multiplexer ports.

2.14.4. Executing OPT_REDUCE pass (consolidate $*mux and $reduce_* inputs).
  Optimizing cells in module \mult23_bin.
Performed a total of 0 changes.

2.14.5. Executing OPT_MERGE pass (detect identical cells).
Finding identical cells in module `\mult23_bin'.
Removed a total of 0 cells.

2.14.6. Executing OPT_RMDFF pass (remove dff with constant values).

2.14.7. Executing OPT_CLEAN pass (remove unused cells and wires).
Finding unused cells or wires in module \mult23_bin..
Removed 2 unused cells and 2 unused wires.
<suppressed ~3 debug messages>

2.14.8. Executing OPT_EXPR pass (perform const folding).
Optimizing module mult23_bin.

2.14.9. Rerunning OPT passes. (Maybe there is more to do..)

2.14.10. Executing OPT_MUXTREE pass (detect dead branches in mux trees).
Running muxtree optimizer on module \mult23_bin..
  Creating internal representation of mux trees.
  No muxes found in this module.
Removed 0 multiplexer ports.

2.14.11. Executing OPT_REDUCE pass (consolidate $*mux and $reduce_* inputs).
  Optimizing cells in module \mult23_bin.
Performed a total of 0 changes.

2.14.12. Executing OPT_MERGE pass (detect identical cells).
Finding identical cells in module `\mult23_bin'.
Removed a total of 0 cells.

2.14.13. Executing OPT_RMDFF pass (remove dff with constant values).

2.14.14. Executing OPT_CLEAN pass (remove unused cells and wires).
Finding unused cells or wires in module \mult23_bin..

2.14.15. Executing OPT_EXPR pass (perform const folding).
Optimizing module mult23_bin.

2.14.16. Finished OPT passes. (There is nothing left to do.)

2.15. Executing FSM pass (extract and optimize FSM).

2.15.1. Executing FSM_DETECT pass (finding FSMs in design).

2.15.2. Executing FSM_EXTRACT pass (extracting FSM from design).

2.15.3. Executing FSM_OPT pass (simple optimizations of FSMs).

2.15.4. Executing OPT_CLEAN pass (remove unused cells and wires).
Finding unused cells or wires in module \mult23_bin..

2.15.5. Executing FSM_OPT pass (simple optimizations of FSMs).

2.15.6. Executing FSM_RECODE pass (re-assigning FSM state encoding).

2.15.7. Executing FSM_INFO pass (dumping all available information on FSM cells).

2.15.8. Executing FSM_MAP pass (mapping FSMs to basic logic).

2.16. Executing OPT pass (performing simple optimizations).

2.16.1. Executing OPT_EXPR pass (perform const folding).
Optimizing module mult23_bin.

2.16.2. Executing OPT_MERGE pass (detect identical cells).
Finding identical cells in module `\mult23_bin'.
Removed a total of 0 cells.

2.16.3. Executing OPT_RMDFF pass (remove dff with constant values).

2.16.4. Executing OPT_CLEAN pass (remove unused cells and wires).
Finding unused cells or wires in module \mult23_bin..

2.16.5. Finished fast OPT passes.

2.17. Executing MEMORY pass.

2.17.1. Executing MEMORY_DFF pass (merging $dff cells to $memrd and $memwr).

2.17.2. Executing OPT_CLEAN pass (remove unused cells and wires).
Finding unused cells or wires in module \mult23_bin..

2.17.3. Executing MEMORY_SHARE pass (consolidating $memrd/$memwr cells).

2.17.4. Executing OPT_CLEAN pass (remove unused cells and wires).
Finding unused cells or wires in module \mult23_bin..

2.17.5. Executing MEMORY_COLLECT pass (generating $mem cells).

2.18. Executing OPT_CLEAN pass (remove unused cells and wires).
Finding unused cells or wires in module \mult23_bin..

2.19. Executing OPT pass (performing simple optimizations).

2.19.1. Executing OPT_EXPR pass (perform const folding).
Optimizing module mult23_bin.

2.19.2. Executing OPT_MERGE pass (detect identical cells).
Finding identical cells in module `\mult23_bin'.
Removed a total of 0 cells.

2.19.3. Executing OPT_RMDFF pass (remove dff with constant values).

2.19.4. Executing OPT_CLEAN pass (remove unused cells and wires).
Finding unused cells or wires in module \mult23_bin..

2.19.5. Finished fast OPT passes.

2.20. Executing MEMORY_MAP pass (converting $mem cells to logic and flip-flops).

2.21. Executing OPT pass (performing simple optimizations).

2.21.1. Executing OPT_EXPR pass (perform const folding).
Optimizing module mult23_bin.

2.21.2. Executing OPT_MERGE pass (detect identical cells).
Finding identical cells in module `\mult23_bin'.
Removed a total of 0 cells.

2.21.3. Executing OPT_MUXTREE pass (detect dead branches in mux trees).
Running muxtree optimizer on module \mult23_bin..
  Creating internal representation of mux trees.
  No muxes found in this module.
Removed 0 multiplexer ports.

2.21.4. Executing OPT_REDUCE pass (consolidate $*mux and $reduce_* inputs).
  Optimizing cells in module \mult23_bin.
Performed a total of 0 changes.

2.21.5. Executing OPT_MERGE pass (detect identical cells).
Finding identical cells in module `\mult23_bin'.
Removed a total of 0 cells.

2.21.6. Executing OPT_RMDFF pass (remove dff with constant values).

2.21.7. Executing OPT_CLEAN pass (remove unused cells and wires).
Finding unused cells or wires in module \mult23_bin..

2.21.8. Executing OPT_EXPR pass (perform const folding).
Optimizing module mult23_bin.

2.21.9. Finished OPT passes. (There is nothing left to do.)

2.22. Executing TECHMAP pass (map to technology primitives).

2.22.1. Executing Verilog-2005 frontend: <techmap.v>
Parsing Verilog input from `<techmap.v>' to AST representation.
Generating RTLIL representation for module `\_90_simplemap_bool_ops'.
Generating RTLIL representation for module `\_90_simplemap_reduce_ops'.
Generating RTLIL representation for module `\_90_simplemap_logic_ops'.
Generating RTLIL representation for module `\_90_simplemap_compare_ops'.
Generating RTLIL representation for module `\_90_simplemap_various'.
Generating RTLIL representation for module `\_90_simplemap_registers'.
Generating RTLIL representation for module `\_90_shift_ops_shr_shl_sshl_sshr'.
Generating RTLIL representation for module `\_90_shift_shiftx'.
Generating RTLIL representation for module `\_90_fa'.
Generating RTLIL representation for module `\_90_lcu'.
Generating RTLIL representation for module `\_90_alu'.
Generating RTLIL representation for module `\_90_macc'.
Generating RTLIL representation for module `\_90_alumacc'.
Generating RTLIL representation for module `\$__div_mod_u'.
Generating RTLIL representation for module `\$__div_mod'.
Generating RTLIL representation for module `\_90_div'.
Generating RTLIL representation for module `\_90_mod'.
Generating RTLIL representation for module `\_90_pow'.
Generating RTLIL representation for module `\_90_pmux'.
Generating RTLIL representation for module `\_90_lut'.
Successfully finished Verilog frontend.

2.22.2. Continuing TECHMAP pass.
Using extmapper maccmap for cells of type $macc.
  add { \x 4'0000 } (12 bits, signed)
  add \x (8 bits, signed)
  add { \x 1'0 } (9 bits, signed)
  add { \x 2'00 } (10 bits, signed)
Using template $paramod\_90_fa\WIDTH=13 for cells of type $fa.
Using template $paramod\_90_alu\A_SIGNED=0\B_SIGNED=0\A_WIDTH=13\B_WIDTH=13\Y_WIDTH=13 for cells of type $alu.
Using extmapper simplemap for cells of type $or.
Using extmapper simplemap for cells of type $xor.
Using extmapper simplemap for cells of type $and.
Using template $paramod\_90_lcu\WIDTH=13 for cells of type $lcu.
Using extmapper simplemap for cells of type $mux.
Using extmapper simplemap for cells of type $not.
Using extmapper simplemap for cells of type $pos.
No more expansions possible.
<suppressed ~218 debug messages>

2.23. Executing OPT pass (performing simple optimizations).

2.23.1. Executing OPT_EXPR pass (perform const folding).
Optimizing module mult23_bin.
<suppressed ~111 debug messages>

2.23.2. Executing OPT_MERGE pass (detect identical cells).
Finding identical cells in module `\mult23_bin'.
<suppressed ~6 debug messages>
Removed a total of 2 cells.

2.23.3. Executing OPT_RMDFF pass (remove dff with constant values).

2.23.4. Executing OPT_CLEAN pass (remove unused cells and wires).
Finding unused cells or wires in module \mult23_bin..
Removed 10 unused cells and 54 unused wires.
<suppressed ~11 debug messages>

2.23.5. Finished fast OPT passes.

2.24. Executing ABC pass (technology mapping using ABC).

2.24.1. Extracting gate netlist of module `\mult23_bin' to `<abc-temp-dir>/input.blif'..
Extracted 120 gates and 128 wires to a netlist network with 8 inputs and 12 outputs.

2.24.1.1. Executing ABC.
Running ABC command: berkeley-abc -s -f <abc-temp-dir>/abc.script 2>&1
ABC: ABC command line: "source <abc-temp-dir>/abc.script".
ABC: 
ABC: + read_blif <abc-temp-dir>/input.blif 
ABC: + read_library <abc-temp-dir>/stdcells.genlib 
ABC: Entered genlib library with 17 gates from file "<abc-temp-dir>/stdcells.genlib".
ABC: + strash 
ABC: + dretime 
ABC: + retime 
ABC: + map 
ABC: + write_blif <abc-temp-dir>/output.blif 

2.24.1.2. Re-integrating ABC results.
ABC RESULTS:               AND cells:        6
ABC RESULTS:            ANDNOT cells:       17
ABC RESULTS:              AOI3 cells:       15
ABC RESULTS:              NAND cells:        4
ABC RESULTS:               NOR cells:        3
ABC RESULTS:               NOT cells:        7
ABC RESULTS:              OAI3 cells:        5
ABC RESULTS:                OR cells:        4
ABC RESULTS:             ORNOT cells:        3
ABC RESULTS:              XNOR cells:       16
ABC RESULTS:               XOR cells:       29
ABC RESULTS:        internal signals:      108
ABC RESULTS:           input signals:        8
ABC RESULTS:          output signals:       12
Removing temp directory.

2.25. Executing OPT pass (performing simple optimizations).

2.25.1. Executing OPT_EXPR pass (perform const folding).
Optimizing module mult23_bin.

2.25.2. Executing OPT_MERGE pass (detect identical cells).
Finding identical cells in module `\mult23_bin'.
Removed a total of 0 cells.

2.25.3. Executing OPT_RMDFF pass (remove dff with constant values).

2.25.4. Executing OPT_CLEAN pass (remove unused cells and wires).
Finding unused cells or wires in module \mult23_bin..
Removed 0 unused cells and 58 unused wires.
<suppressed ~1 debug messages>

2.25.5. Finished fast OPT passes.

2.26. Executing HIERARCHY pass (managing design hierarchy).

2.26.1. Analyzing design hierarchy..
Top module:  \mult23_bin

2.26.2. Analyzing design hierarchy..
Top module:  \mult23_bin
Removed 0 unused modules.

2.27. Printing statistics.

=== mult23_bin ===

   Number of wires:                100
   Number of wire bits:            131
   Number of public wires:           3
   Number of public wire bits:      34
   Number of memories:               0
   Number of memory bits:            0
   Number of processes:              0
   Number of cells:                109
     $_ANDNOT_                      17
     $_AND_                          6
     $_AOI3_                        15
     $_NAND_                         4
     $_NOR_                          3
     $_NOT_                          7
     $_OAI3_                         5
     $_ORNOT_                        3
     $_OR_                           4
     $_XNOR_                        16
     $_XOR_                         29

2.28. Executing CHECK pass (checking for obvious problems).
checking module mult23_bin..
found and reported 0 problems.

3. Executing ABC pass (technology mapping using ABC).

3.1. Extracting gate netlist of module `\mult23_bin' to `<abc-temp-dir>/input.blif'..
Extracted 109 gates and 117 wires to a netlist network with 8 inputs and 12 outputs.

3.1.1. Executing ABC.
Running ABC command: berkeley-abc -s -f <abc-temp-dir>/abc.script 2>&1
ABC: ABC command line: "source <abc-temp-dir>/abc.script".
ABC: 
ABC: + read_blif <abc-temp-dir>/input.blif 
ABC: + read_library <abc-temp-dir>/stdcells.genlib 
ABC: Entered genlib library with 12 gates from file "<abc-temp-dir>/stdcells.genlib".
ABC: + strash 
ABC: + ifraig 
ABC: + scorr 
ABC: Warning: The network is combinational (run "fraig" or "fraig_sweep").
ABC: + dc2 
ABC: + dretime 
ABC: + retime 
ABC: + strash 
ABC: + &get -n 
ABC: + &dch -f 
ABC: + &nf 
ABC: + &put 
ABC: + write_blif <abc-temp-dir>/output.blif 

3.1.2. Re-integrating ABC results.
ABC RESULTS:               AND cells:       13
ABC RESULTS:            ANDNOT cells:        1
ABC RESULTS:               BUF cells:        1
ABC RESULTS:              NAND cells:       35
ABC RESULTS:                OR cells:       13
ABC RESULTS:             ORNOT cells:        3
ABC RESULTS:              XNOR cells:       13
ABC RESULTS:               XOR cells:       21
ABC RESULTS:        internal signals:       97
ABC RESULTS:           input signals:        8
ABC RESULTS:          output signals:       12
Removing temp directory.

4. Executing OPT_CLEAN pass (remove unused cells and wires).
Finding unused cells or wires in module \mult23_bin..
Removed 0 unused cells and 118 unused wires.
<suppressed ~2 debug messages>

5. Printing statistics.

=== mult23_bin ===

   Number of wires:                 90
   Number of wire bits:            109
   Number of public wires:           2
   Number of public wire bits:      21
   Number of memories:               0
   Number of memory bits:            0
   Number of processes:              0
   Number of cells:                 99
     $_ANDNOT_                       1
     $_AND_                         13
     $_NAND_                        35
     $_ORNOT_                        3
     $_OR_                          13
     $_XNOR_                        13
     $_XOR_                         21

6. Executing JSON backend.

End of script. Logfile hash: d0388bf8ca
CPU: user 0.15s system 0.02s, MEM: 17.33 MB total, 12.04 MB resident
Yosys 0.9 (git sha1 1979e0b)
Time spent: 19% 16x opt_clean (0 sec), 13% 2x techmap (0 sec), ...
