#! /usr/bin/vvp
:ivl_version "11.0 (stable)";
:ivl_delay_selection "TYPICAL";
:vpi_time_precision - 12;
:vpi_module "/usr/lib/x86_64-linux-gnu/ivl/system.vpi";
:vpi_module "/usr/lib/x86_64-linux-gnu/ivl/vhdl_sys.vpi";
:vpi_module "/usr/lib/x86_64-linux-gnu/ivl/vhdl_textio.vpi";
:vpi_module "/usr/lib/x86_64-linux-gnu/ivl/v2005_math.vpi";
:vpi_module "/usr/lib/x86_64-linux-gnu/ivl/va_math.vpi";
S_0x6170776338f0 .scope module, "tb_actividad_5" "tb_actividad_5" 2 2;
 .timescale -9 -12;
v0x617077668f80_0 .var/i "ciclos", 31 0;
v0x617077669080_0 .var "clk", 0 0;
v0x617077669140 .array/s "gold_pipe", 2 0, 15 0;
v0x6170776691e0 .array "gold_valid", 2 0, 0 0;
v0x617077669280_0 .var/i "i", 31 0;
v0x617077669320_0 .var/i "muestras", 31 0;
v0x617077669400_0 .var "ready_in", 0 0;
v0x6170776694a0_0 .net "ready_out", 0 0, L_0x61707762bc90;  1 drivers
v0x617077669540_0 .var "rst", 0 0;
v0x6170776696a0_0 .var "valid_in", 0 0;
v0x617077669770_0 .net "valid_out", 0 0, L_0x61707762ed60;  1 drivers
v0x617077669840_0 .var/s "x_in", 7 0;
v0x617077669910_0 .net/s "y_out", 15 0, L_0x617077669a30;  1 drivers
S_0x617077643800 .scope module, "dut" "actividad_5" 2 11, 3 4 0, S_0x6170776338f0;
 .timescale -9 -12;
    .port_info 0 /INPUT 1 "clk";
    .port_info 1 /INPUT 1 "rst";
    .port_info 2 /INPUT 8 "x_in";
    .port_info 3 /OUTPUT 16 "y_out";
    .port_info 4 /INPUT 1 "valid_in";
    .port_info 5 /OUTPUT 1 "ready_out";
    .port_info 6 /OUTPUT 1 "valid_out";
    .port_info 7 /INPUT 1 "ready_in";
P_0x617077641e70 .param/l "A" 0 3 7, +C4<00000101>;
P_0x617077641eb0 .param/l "B" 0 3 8, +C4<00000011>;
P_0x617077641ef0 .param/l "WIDTHin" 0 3 5, +C4<00000000000000000000000000001000>;
P_0x617077641f30 .param/l "WIDTHout" 0 3 6, +C4<00000000000000000000000000010000>;
L_0x61707762bc90 .functor BUFZ 1, v0x617077669400_0, C4<0>, C4<0>, C4<0>;
L_0x61707762ed60 .functor BUFZ 1, v0x617077668a80_0, C4<0>, C4<0>, C4<0>;
v0x61707762c0a0_0 .net "clk", 0 0, v0x617077669080_0;  1 drivers
v0x61707762c140_0 .net "ready_in", 0 0, v0x617077669400_0;  1 drivers
v0x617077630b90_0 .net "ready_out", 0 0, L_0x61707762bc90;  alias, 1 drivers
v0x617077630fe0_0 .net "rst", 0 0, v0x617077669540_0;  1 drivers
v0x617077631a40_0 .var/s "stage1", 8 0;
v0x617077632050_0 .var/s "stage2", 16 0;
v0x617077632ad0_0 .var/s "stage3", 16 0;
v0x617077668900_0 .var "valid1", 0 0;
v0x6170776689c0_0 .var "valid2", 0 0;
v0x617077668a80_0 .var "valid3", 0 0;
v0x617077668b40_0 .net "valid_in", 0 0, v0x6170776696a0_0;  1 drivers
v0x617077668c00_0 .net "valid_out", 0 0, L_0x61707762ed60;  alias, 1 drivers
v0x617077668cc0_0 .net/s "x_in", 7 0, v0x617077669840_0;  1 drivers
v0x617077668da0_0 .net/s "y_out", 15 0, L_0x617077669a30;  alias, 1 drivers
E_0x617077645920 .event posedge, v0x61707762c0a0_0;
L_0x617077669a30 .part v0x617077632ad0_0, 0, 16;
    .scope S_0x617077643800;
T_0 ;
    %wait E_0x617077645920;
    %load/vec4 v0x617077630fe0_0;
    %flag_set/vec4 8;
    %jmp/0xz  T_0.0, 8;
    %pushi/vec4 0, 0, 9;
    %assign/vec4 v0x617077631a40_0, 0;
    %pushi/vec4 0, 0, 17;
    %assign/vec4 v0x617077632050_0, 0;
    %pushi/vec4 0, 0, 17;
    %assign/vec4 v0x617077632ad0_0, 0;
    %pushi/vec4 0, 0, 1;
    %assign/vec4 v0x617077668900_0, 0;
    %pushi/vec4 0, 0, 1;
    %assign/vec4 v0x6170776689c0_0, 0;
    %pushi/vec4 0, 0, 1;
    %assign/vec4 v0x617077668a80_0, 0;
    %jmp T_0.1;
T_0.0 ;
    %load/vec4 v0x61707762c140_0;
    %flag_set/vec4 8;
    %jmp/0xz  T_0.2, 8;
    %load/vec4 v0x617077668b40_0;
    %flag_set/vec4 8;
    %jmp/0xz  T_0.4, 8;
    %load/vec4 v0x617077668cc0_0;
    %pad/s 9;
    %addi 5, 0, 9;
    %assign/vec4 v0x617077631a40_0, 0;
T_0.4 ;
    %load/vec4 v0x617077668b40_0;
    %assign/vec4 v0x617077668900_0, 0;
    %load/vec4 v0x617077668900_0;
    %flag_set/vec4 8;
    %jmp/0xz  T_0.6, 8;
    %load/vec4 v0x617077631a40_0;
    %pad/s 17;
    %muli 3, 0, 17;
    %assign/vec4 v0x617077632050_0, 0;
T_0.6 ;
    %load/vec4 v0x617077668900_0;
    %assign/vec4 v0x6170776689c0_0, 0;
    %load/vec4 v0x6170776689c0_0;
    %flag_set/vec4 8;
    %jmp/0xz  T_0.8, 8;
    %load/vec4 v0x617077632050_0;
    %ix/load 4, 4, 0;
    %flag_set/imm 4, 0;
    %shiftr/s 4;
    %assign/vec4 v0x617077632ad0_0, 0;
T_0.8 ;
    %load/vec4 v0x6170776689c0_0;
    %assign/vec4 v0x617077668a80_0, 0;
T_0.2 ;
T_0.1 ;
    %jmp T_0;
    .thread T_0;
    .scope S_0x6170776338f0;
T_1 ;
    %pushi/vec4 0, 0, 1;
    %store/vec4 v0x617077669080_0, 0, 1;
    %end;
    .thread T_1;
    .scope S_0x6170776338f0;
T_2 ;
    %delay 5000, 0;
    %load/vec4 v0x617077669080_0;
    %inv;
    %store/vec4 v0x617077669080_0, 0, 1;
    %jmp T_2;
    .thread T_2;
    .scope S_0x6170776338f0;
T_3 ;
    %wait E_0x617077645920;
    %load/vec4 v0x617077669540_0;
    %flag_set/vec4 8;
    %jmp/0xz  T_3.0, 8;
    %pushi/vec4 0, 0, 16;
    %ix/load 3, 0, 0;
    %flag_set/imm 4, 0;
    %ix/load 4, 0, 0; Constant delay
    %assign/vec4/a/d v0x617077669140, 0, 4;
    %pushi/vec4 0, 0, 16;
    %ix/load 3, 1, 0;
    %flag_set/imm 4, 0;
    %ix/load 4, 0, 0; Constant delay
    %assign/vec4/a/d v0x617077669140, 0, 4;
    %pushi/vec4 0, 0, 16;
    %ix/load 3, 2, 0;
    %flag_set/imm 4, 0;
    %ix/load 4, 0, 0; Constant delay
    %assign/vec4/a/d v0x617077669140, 0, 4;
    %pushi/vec4 0, 0, 1;
    %ix/load 3, 0, 0;
    %flag_set/imm 4, 0;
    %ix/load 4, 0, 0; Constant delay
    %assign/vec4/a/d v0x6170776691e0, 0, 4;
    %pushi/vec4 0, 0, 1;
    %ix/load 3, 1, 0;
    %flag_set/imm 4, 0;
    %ix/load 4, 0, 0; Constant delay
    %assign/vec4/a/d v0x6170776691e0, 0, 4;
    %pushi/vec4 0, 0, 1;
    %ix/load 3, 2, 0;
    %flag_set/imm 4, 0;
    %ix/load 4, 0, 0; Constant delay
    %assign/vec4/a/d v0x6170776691e0, 0, 4;
    %jmp T_3.1;
T_3.0 ;
    %load/vec4 v0x617077669400_0;
    %flag_set/vec4 8;
    %jmp/0xz  T_3.2, 8;
    %load/vec4 v0x617077669840_0;
    %pad/s 16;
    %addi 5, 0, 16;
    %muli 3, 0, 16;
    %ix/load 4, 4, 0;
    %flag_set/imm 4, 0;
    %shiftr/s 4;
    %ix/load 3, 0, 0;
    %flag_set/imm 4, 0;
    %ix/load 4, 0, 0; Constant delay
    %assign/vec4/a/d v0x617077669140, 0, 4;
    %load/vec4 v0x6170776696a0_0;
    %ix/load 3, 0, 0;
    %flag_set/imm 4, 0;
    %ix/load 4, 0, 0; Constant delay
    %assign/vec4/a/d v0x6170776691e0, 0, 4;
    %ix/load 4, 0, 0;
    %flag_set/imm 4, 0;
    %load/vec4a v0x617077669140, 4;
    %ix/load 3, 1, 0;
    %flag_set/imm 4, 0;
    %ix/load 4, 0, 0; Constant delay
    %assign/vec4/a/d v0x617077669140, 0, 4;
    %ix/load 4, 0, 0;
    %flag_set/imm 4, 0;
    %load/vec4a v0x6170776691e0, 4;
    %ix/load 3, 1, 0;
    %flag_set/imm 4, 0;
    %ix/load 4, 0, 0; Constant delay
    %assign/vec4/a/d v0x6170776691e0, 0, 4;
    %ix/load 4, 1, 0;
    %flag_set/imm 4, 0;
    %load/vec4a v0x617077669140, 4;
    %ix/load 3, 2, 0;
    %flag_set/imm 4, 0;
    %ix/load 4, 0, 0; Constant delay
    %assign/vec4/a/d v0x617077669140, 0, 4;
    %ix/load 4, 1, 0;
    %flag_set/imm 4, 0;
    %load/vec4a v0x6170776691e0, 4;
    %ix/load 3, 2, 0;
    %flag_set/imm 4, 0;
    %ix/load 4, 0, 0; Constant delay
    %assign/vec4/a/d v0x6170776691e0, 0, 4;
T_3.2 ;
T_3.1 ;
    %jmp T_3;
    .thread T_3;
    .scope S_0x6170776338f0;
T_4 ;
    %wait E_0x617077645920;
    %delay 1000, 0;
    %load/vec4 v0x617077669770_0;
    %ix/load 4, 2, 0;
    %flag_set/imm 4, 0;
    %load/vec4a v0x6170776691e0, 4;
    %cmp/ne;
    %jmp/0xz  T_4.0, 4;
    %vpi_call 2 53 "$display", "ERROR VALID tiempo=%0t", $time {0 0 0};
    %vpi_call 2 54 "$finish" {0 0 0};
T_4.0 ;
    %load/vec4 v0x617077669770_0;
    %load/vec4 v0x617077669910_0;
    %ix/load 4, 2, 0;
    %flag_set/imm 4, 0;
    %load/vec4a v0x617077669140, 4;
    %cmp/ne;
    %flag_get/vec4 6;
    %and;
    %flag_set/vec4 8;
    %jmp/0xz  T_4.2, 8;
    %vpi_call 2 57 "$display", "ERROR DATA tiempo=%0t  y=%0d esperado=%0d", $time, v0x617077669910_0, &A<v0x617077669140, 2> {0 0 0};
    %vpi_call 2 61 "$finish" {0 0 0};
T_4.2 ;
    %jmp T_4;
    .thread T_4;
    .scope S_0x6170776338f0;
T_5 ;
    %vpi_call 2 67 "$display", "\000" {0 0 0};
    %vpi_call 2 68 "$display", "---------------------------------------------------------------------------------------------" {0 0 0};
    %vpi_call 2 69 "$display", " tiempo | x_in | vin | stage1 v1 | stage2 v2 | stage3 v3 | y_out vout | ready" {0 0 0};
    %vpi_call 2 70 "$display", "---------------------------------------------------------------------------------------------" {0 0 0};
    %end;
    .thread T_5;
    .scope S_0x6170776338f0;
T_6 ;
    %wait E_0x617077645920;
    %delay 1000, 0;
    %vpi_call 2 74 "$display", "%6t | %4d |  %b  | %5d  %b | %5d  %b | %5d  %b | %5d   %b  |   %b", $time, v0x617077669840_0, v0x6170776696a0_0, v0x617077631a40_0, v0x617077668900_0, v0x617077632050_0, v0x6170776689c0_0, v0x617077632ad0_0, v0x617077668a80_0, v0x617077669910_0, v0x617077669770_0, v0x617077669400_0 {0 0 0};
    %jmp T_6;
    .thread T_6;
    .scope S_0x6170776338f0;
T_7 ;
    %wait E_0x617077645920;
    %load/vec4 v0x617077668f80_0;
    %addi 1, 0, 32;
    %store/vec4 v0x617077668f80_0, 0, 32;
    %load/vec4 v0x6170776696a0_0;
    %load/vec4 v0x6170776694a0_0;
    %and;
    %flag_set/vec4 8;
    %jmp/0xz  T_7.0, 8;
    %load/vec4 v0x617077669320_0;
    %addi 1, 0, 32;
    %store/vec4 v0x617077669320_0, 0, 32;
T_7.0 ;
    %jmp T_7;
    .thread T_7;
    .scope S_0x6170776338f0;
T_8 ;
    %vpi_call 2 94 "$dumpfile", "tb_actividad_5.vcd" {0 0 0};
    %vpi_call 2 95 "$dumpvars", 32'sb00000000000000000000000000000000, S_0x6170776338f0 {0 0 0};
    %pushi/vec4 1, 0, 1;
    %store/vec4 v0x617077669540_0, 0, 1;
    %pushi/vec4 0, 0, 1;
    %store/vec4 v0x6170776696a0_0, 0, 1;
    %pushi/vec4 1, 0, 1;
    %store/vec4 v0x617077669400_0, 0, 1;
    %pushi/vec4 0, 0, 8;
    %store/vec4 v0x617077669840_0, 0, 8;
    %pushi/vec4 0, 0, 32;
    %store/vec4 v0x617077668f80_0, 0, 32;
    %pushi/vec4 0, 0, 32;
    %store/vec4 v0x617077669320_0, 0, 32;
    %wait E_0x617077645920;
    %delay 1000, 0;
    %pushi/vec4 0, 0, 1;
    %store/vec4 v0x617077669540_0, 0, 1;
    %pushi/vec4 0, 0, 32;
    %store/vec4 v0x617077669280_0, 0, 32;
T_8.0 ;
    %load/vec4 v0x617077669280_0;
    %cmpi/s 10, 0, 32;
    %jmp/0xz T_8.1, 5;
    %wait E_0x617077645920;
    %load/vec4 v0x617077669280_0;
    %pad/s 8;
    %store/vec4 v0x617077669840_0, 0, 8;
    %pushi/vec4 1, 0, 1;
    %store/vec4 v0x6170776696a0_0, 0, 1;
    %load/vec4 v0x617077669280_0;
    %addi 1, 0, 32;
    %store/vec4 v0x617077669280_0, 0, 32;
    %jmp T_8.0;
T_8.1 ;
    %pushi/vec4 0, 0, 1;
    %store/vec4 v0x6170776696a0_0, 0, 1;
    %wait E_0x617077645920;
    %pushi/vec4 0, 0, 1;
    %store/vec4 v0x617077669400_0, 0, 1;
    %vpi_call 2 113 "$display", "\000" {0 0 0};
    %vpi_call 2 114 "$display", "------------ STALL ACTIVADO ------------" {0 0 0};
    %pushi/vec4 4, 0, 32;
T_8.2 %dup/vec4;
    %pushi/vec4 0, 0, 32;
    %cmp/s;
    %jmp/1xz T_8.3, 5;
    %jmp/1 T_8.3, 4;
    %pushi/vec4 1, 0, 32;
    %sub;
    %wait E_0x617077645920;
    %jmp T_8.2;
T_8.3 ;
    %pop/vec4 1;
    %pushi/vec4 1, 0, 1;
    %store/vec4 v0x617077669400_0, 0, 1;
    %vpi_call 2 118 "$display", "\000" {0 0 0};
    %vpi_call 2 119 "$display", "------------ STALL LIBERADO ------------" {0 0 0};
    %pushi/vec4 10, 0, 32;
T_8.4 %dup/vec4;
    %pushi/vec4 0, 0, 32;
    %cmp/s;
    %jmp/1xz T_8.5, 5;
    %jmp/1 T_8.5, 4;
    %pushi/vec4 1, 0, 32;
    %sub;
    %wait E_0x617077645920;
    %jmp T_8.4;
T_8.5 ;
    %pop/vec4 1;
    %vpi_call 2 122 "$display", "\000" {0 0 0};
    %vpi_call 2 123 "$display", "SIMULACION TERMINADA" {0 0 0};
    %vpi_call 2 124 "$display", "Ciclos = %0d", v0x617077668f80_0 {0 0 0};
    %vpi_call 2 125 "$display", "Muestras procesadas = %0d", v0x617077669320_0 {0 0 0};
    %load/vec4 v0x617077669320_0;
    %cvt/rv/s;
    %pushi/real 1073741824, 4066; load=1.00000
    %mul/wr;
    %load/vec4 v0x617077668f80_0;
    %cvt/rv/s;
    %div/wr;
    %vpi_call 2 126 "$display", "Throughput observado = %f muestras/ciclo", W<0,r> {0 1 0};
    %vpi_call 2 127 "$finish" {0 0 0};
    %end;
    .thread T_8;
# The file index is used to find the file name in the following table.
:file_names 4;
    "N/A";
    "<interactive>";
    "tb_actividad_5.v";
    "actividad_5.v";
