#! /usr/bin/vvp
:ivl_version "11.0 (stable)";
:ivl_delay_selection "TYPICAL";
:vpi_time_precision - 12;
:vpi_module "/usr/lib/x86_64-linux-gnu/ivl/system.vpi";
:vpi_module "/usr/lib/x86_64-linux-gnu/ivl/vhdl_sys.vpi";
:vpi_module "/usr/lib/x86_64-linux-gnu/ivl/vhdl_textio.vpi";
:vpi_module "/usr/lib/x86_64-linux-gnu/ivl/v2005_math.vpi";
:vpi_module "/usr/lib/x86_64-linux-gnu/ivl/va_math.vpi";
S_0x5bcf3e859750 .scope module, "tb_actividad_1" "tb_actividad_1" 2 3;
 .timescale -9 -12;
v0x5bcf3e8851f0_0 .net "a1", 1 0, v0x5bcf3e82eba0_0;  1 drivers
v0x5bcf3e8852d0_0 .net "a2", 1 0, v0x5bcf3e856740_0;  1 drivers
v0x5bcf3e885370_0 .net "b1", 1 0, v0x5bcf3e857a30_0;  1 drivers
v0x5bcf3e885440_0 .net "b2", 1 0, v0x5bcf3e8592d0_0;  1 drivers
v0x5bcf3e885510_0 .net "c1", 1 0, v0x5bcf3e884d10_0;  1 drivers
v0x5bcf3e8855b0_0 .net "c2", 1 0, v0x5bcf3e884e40_0;  1 drivers
v0x5bcf3e885680_0 .var "clk", 0 0;
v0x5bcf3e885750_0 .var "rst_n", 0 0;
E_0x5bcf3e86c300 .event posedge, v0x5bcf3e884f20_0;
S_0x5bcf3e8598e0 .scope module, "uA" "actividad_1" 2 13, 3 4 0, S_0x5bcf3e859750;
 .timescale -9 -12;
    .port_info 0 /INPUT 1 "clk";
    .port_info 1 /INPUT 1 "rst_n";
    .port_info 2 /OUTPUT 2 "a1";
    .port_info 3 /OUTPUT 2 "b1";
    .port_info 4 /OUTPUT 2 "c1";
    .port_info 5 /OUTPUT 2 "a2";
    .port_info 6 /OUTPUT 2 "b2";
    .port_info 7 /OUTPUT 2 "c2";
v0x5bcf3e82eba0_0 .var "a1", 1 0;
v0x5bcf3e856740_0 .var "a2", 1 0;
v0x5bcf3e857a30_0 .var "b1", 1 0;
v0x5bcf3e8592d0_0 .var "b2", 1 0;
v0x5bcf3e884d10_0 .var "c1", 1 0;
v0x5bcf3e884e40_0 .var "c2", 1 0;
v0x5bcf3e884f20_0 .net "clk", 0 0, v0x5bcf3e885680_0;  1 drivers
v0x5bcf3e884fe0_0 .net "rst_n", 0 0, v0x5bcf3e885750_0;  1 drivers
E_0x5bcf3e86ba00/0 .event negedge, v0x5bcf3e884fe0_0;
E_0x5bcf3e86ba00/1 .event posedge, v0x5bcf3e884f20_0;
E_0x5bcf3e86ba00 .event/or E_0x5bcf3e86ba00/0, E_0x5bcf3e86ba00/1;
    .scope S_0x5bcf3e8598e0;
T_0 ;
    %wait E_0x5bcf3e86ba00;
    %load/vec4 v0x5bcf3e884fe0_0;
    %nor/r;
    %flag_set/vec4 8;
    %jmp/0xz  T_0.0, 8;
    %pushi/vec4 1, 0, 2;
    %assign/vec4 v0x5bcf3e82eba0_0, 0;
    %pushi/vec4 2, 0, 2;
    %assign/vec4 v0x5bcf3e857a30_0, 0;
    %pushi/vec4 3, 0, 2;
    %assign/vec4 v0x5bcf3e884d10_0, 0;
    %pushi/vec4 1, 0, 2;
    %assign/vec4 v0x5bcf3e856740_0, 0;
    %pushi/vec4 2, 0, 2;
    %assign/vec4 v0x5bcf3e8592d0_0, 0;
    %pushi/vec4 3, 0, 2;
    %assign/vec4 v0x5bcf3e884e40_0, 0;
    %jmp T_0.1;
T_0.0 ;
    %load/vec4 v0x5bcf3e857a30_0;
    %store/vec4 v0x5bcf3e82eba0_0, 0, 2;
    %load/vec4 v0x5bcf3e884d10_0;
    %store/vec4 v0x5bcf3e857a30_0, 0, 2;
    %load/vec4 v0x5bcf3e82eba0_0;
    %store/vec4 v0x5bcf3e884d10_0, 0, 2;
    %load/vec4 v0x5bcf3e8592d0_0;
    %assign/vec4 v0x5bcf3e856740_0, 0;
    %load/vec4 v0x5bcf3e884e40_0;
    %assign/vec4 v0x5bcf3e8592d0_0, 0;
    %load/vec4 v0x5bcf3e856740_0;
    %assign/vec4 v0x5bcf3e884e40_0, 0;
T_0.1 ;
    %jmp T_0;
    .thread T_0;
    .scope S_0x5bcf3e859750;
T_1 ;
    %pushi/vec4 0, 0, 1;
    %store/vec4 v0x5bcf3e885680_0, 0, 1;
    %end;
    .thread T_1;
    .scope S_0x5bcf3e859750;
T_2 ;
    %delay 5000, 0;
    %load/vec4 v0x5bcf3e885680_0;
    %inv;
    %store/vec4 v0x5bcf3e885680_0, 0, 1;
    %jmp T_2;
    .thread T_2;
    .scope S_0x5bcf3e859750;
T_3 ;
    %vpi_call 2 16 "$dumpfile", "tb_actividad_1.vcd" {0 0 0};
    %vpi_call 2 17 "$dumpvars", 32'sb00000000000000000000000000000000, S_0x5bcf3e859750 {0 0 0};
    %pushi/vec4 0, 0, 1;
    %store/vec4 v0x5bcf3e885750_0, 0, 1;
    %delay 5000, 0;
    %pushi/vec4 1, 0, 1;
    %store/vec4 v0x5bcf3e885750_0, 0, 1;
    %vpi_call 2 22 "$display", "\000" {0 0 0};
    %vpi_call 2 23 "$display", "Tiempo |  Caso A (blocking)   |  Caso B (non-blocking)" {0 0 0};
    %vpi_call 2 24 "$display", "-------+----------------------+------------------------" {0 0 0};
    %vpi_call 2 25 "$display", "  reset|  a1=%0d b1=%0d c1=%0d         |  a2=%0d b2=%0d c2=%0d", v0x5bcf3e8851f0_0, v0x5bcf3e885370_0, v0x5bcf3e885510_0, v0x5bcf3e8852d0_0, v0x5bcf3e885440_0, v0x5bcf3e8855b0_0 {0 0 0};
    %wait E_0x5bcf3e86c300;
    %delay 1000, 0;
    %vpi_call 2 28 "$display", "  10ns |  a1=%0d b1=%0d c1=%0d         |  a2=%0d b2=%0d c2=%0d", v0x5bcf3e8851f0_0, v0x5bcf3e885370_0, v0x5bcf3e885510_0, v0x5bcf3e8852d0_0, v0x5bcf3e885440_0, v0x5bcf3e8855b0_0 {0 0 0};
    %wait E_0x5bcf3e86c300;
    %delay 1000, 0;
    %vpi_call 2 31 "$display", "  20ns |  a1=%0d b1=%0d c1=%0d         |  a2=%0d b2=%0d c2=%0d", v0x5bcf3e8851f0_0, v0x5bcf3e885370_0, v0x5bcf3e885510_0, v0x5bcf3e8852d0_0, v0x5bcf3e885440_0, v0x5bcf3e8855b0_0 {0 0 0};
    %wait E_0x5bcf3e86c300;
    %delay 1000, 0;
    %vpi_call 2 34 "$display", "  30ns |  a1=%0d b1=%0d c1=%0d         |  a2=%0d b2=%0d c2=%0d", v0x5bcf3e8851f0_0, v0x5bcf3e885370_0, v0x5bcf3e885510_0, v0x5bcf3e8852d0_0, v0x5bcf3e885440_0, v0x5bcf3e8855b0_0 {0 0 0};
    %vpi_call 2 36 "$display", "\000" {0 0 0};
    %vpi_call 2 37 "$display", "Observar: Caso B rota circularmente (1,2,3)->(2,3,1)->(3,1,2)->(1,2,3)" {0 0 0};
    %vpi_call 2 38 "$display", "          Caso A NO rota -- el orden de = importa y rompe la abstraccion." {0 0 0};
    %vpi_call 2 39 "$display", "\000" {0 0 0};
    %vpi_call 2 40 "$finish" {0 0 0};
    %end;
    .thread T_3;
# The file index is used to find the file name in the following table.
:file_names 4;
    "N/A";
    "<interactive>";
    "tb_actividad_1.v";
    "actividad_1.v";
